Program
  List
    Func ID="a"
      List
        Decl ID="x"
          Opt
        Decl ID="y"
          Opt
        Assi ID="x"
          Mul
            Num NUM="5"
            Num NUM="5"
        Assi ID="y"
          IdUse ID="x"
        Assi ID="x"
          Sub
            Add
              Num NUM="5"
              Mod
                Num NUM="5"
                Num NUM="2"
            Num NUM="8"
        Assi ID="y"
          Add
            Mul
              Num NUM="3"
              Num NUM="4"
            Mul
              Div
                Num NUM="5"
                Num NUM="6"
              Num NUM="3"
